------------------------------------------------------------
Timing Analyzer Summary
------------------------------------------------------------

Type  : Slow 1100mV 85C Model Setup 'CLOCK_50'
Slack : -4.713
TNS   : -27418.312

Type  : Slow 1100mV 85C Model Hold 'CLOCK_50'
Slack : 0.320
TNS   : 0.000

Type  : Slow 1100mV 85C Model Minimum Pulse Width 'CLOCK_50'
Slack : -2.174
TNS   : -28670.758

Type  : Slow 1100mV 0C Model Setup 'CLOCK_50'
Slack : -4.628
TNS   : -25755.265

Type  : Slow 1100mV 0C Model Hold 'CLOCK_50'
Slack : 0.297
TNS   : 0.000

Type  : Slow 1100mV 0C Model Minimum Pulse Width 'CLOCK_50'
Slack : -2.174
TNS   : -28594.996

Type  : Fast 1100mV 85C Model Setup 'CLOCK_50'
Slack : -2.496
TNS   : -14056.297

Type  : Fast 1100mV 85C Model Hold 'CLOCK_50'
Slack : 0.177
TNS   : 0.000

Type  : Fast 1100mV 85C Model Minimum Pulse Width 'CLOCK_50'
Slack : -2.174
TNS   : -29021.532

Type  : Fast 1100mV 0C Model Setup 'CLOCK_50'
Slack : -2.163
TNS   : -11414.611

Type  : Fast 1100mV 0C Model Hold 'CLOCK_50'
Slack : 0.169
TNS   : 0.000

Type  : Fast 1100mV 0C Model Minimum Pulse Width 'CLOCK_50'
Slack : -2.174
TNS   : -29505.476

------------------------------------------------------------
